0 0 0 0
-0.0297595 -0.0249719 -0.0249719 2.63148
-0.00264254 -0.0585688 -0.0585688 2.37928
-0.0159317 -0.0724796 -0.0724796 2.06485
-0.0379391 -0.096367 -0.096367 1.61709
-0.0466895 -0.125862 -0.125862 1.22626
-0.0805087 -0.129597 -0.129597 0.889814
-0.132514 -0.135406 -0.135406 0.676897
-0.161689 -0.143394 -0.143394 0.495521
-0.258295 -0.207327 -0.207327 0.331384
-0.335999 -0.245424 -0.245424 0.652531
-0.454658 -0.32861 -0.32861 1.18145
-0.475137 -0.393244 -0.393244 1.50715
-0.546092 -0.553785 -0.553785 2.14566
-0.64492 -0.6919 -0.6919 2.90933
-0.728758 -0.760452 -0.760452 3.54119
-0.877153 -0.847275 -0.847275 4.23784
-0.936607 -0.887386 -0.887386 4.50038
-0.702871 -1.10031 -1.10031 4.36268
-0.673604 -1.28251 -1.28251 4.60304
-0.716349 -1.34536 -1.34536 5.10807
-0.711038 -1.46727 -1.46727 5.46493
-0.542558 -1.61207 -1.61207 5.85791
-0.563741 -1.60696 -1.60696 3.35722
-0.535793 -1.81323 -1.81323 4.07716
-0.507038 -1.86453 -1.86453 4.61975
-0.490294 -2.00427 -2.00427 5.28983
-0.518642 -2.11036 -2.11036 5.65647
-0.626117 -2.21491 -2.21491 5.94848
-0.723063 -2.36044 -2.36044 6.42838
-0.715574 -2.40002 -2.40002 6.70295
-0.715703 -2.51148 -2.51148 7.21679
-0.736256 -2.61271 -2.61271 7.83289
-0.694675 -2.69376 -2.69376 8.26036
-0.649785 -2.84169 -2.84169 8.62778
-0.706983 -2.93874 -2.93874 8.91053
-0.683954 -3.03818 -3.03818 9.12746
-0.781259 -3.18362 -3.18362 9.52854
-0.834899 -3.31247 -3.31247 9.81604
-0.865008 -3.46632 -3.46632 10.1944
-0.831499 -3.65402 -3.65402 10.7772
-0.82047 -3.74856 -3.74856 11.0099
-0.833689 -3.84318 -3.84318 11.4948
-0.864824 -4.00024 -4.00024 11.6183
-0.927102 -4.17176 -4.17176 11.954
-0.830763 -4.37522 -4.37522 12.1514
-0.901451 -4.51994 -4.51994 12.3731
-1.04218 -4.6356 -4.6356 13.0233
-1.09735 -4.80736 -4.80736 13.6574
-1.17536 -4.9704 -4.9704 13.7752
-1.34464 -5.10838 -5.10838 14.1585
-1.48732 -5.28885 -5.28885 14.841
-1.60733 -5.41231 -5.41231 15.5592
-1.73907 -5.56866 -5.56866 16.0242
-1.81888 -5.77203 -5.77203 16.575
-1.97253 -5.90032 -5.90032 17.3133
-2.11068 -6.02215 -6.02215 17.8296
-2.18119 -6.18491 -6.18491 18.114
-2.28353 -6.35625 -6.35625 18.3777
-2.50248 -6.43764 -6.43764 18.693
-2.60276 -6.59939 -6.59939 19.1312
-2.74582 -6.70329 -6.70329 19.2275
-2.82659 -6.88653 -6.88653 19.6839
-2.99513 -7.05358 -7.05358 20.2721
-3.09494 -7.23888 -7.23888 20.5028
-3.23055 -7.38583 -7.38583 20.7869
-3.32935 -7.61711 -7.61711 21.2435
-3.46421 -7.93396 -7.93396 22.2903
-3.58486 -8.10808 -8.10808 22.8773
-3.7766 -8.25705 -8.25705 23.5139
-3.94198 -8.40482 -8.40482 24.2242
-4.09498 -8.64526 -8.64526 24.9575
-4.34132 -8.79951 -8.79951 25.4438
-4.53107 -9.00178 -9.00178 26.0716
-4.81087 -9.09212 -9.09212 26.3925
-5.07234 -9.19356 -9.19356 26.823
-5.35137 -9.41815 -9.41815 27.8083
-5.67248 -9.51788 -9.51788 28.1588
-5.98223 -9.65216 -9.65216 28.7753
-6.28297 -9.84773 -9.84773 29.4264
-6.52179 -9.99938 -9.99938 30.1058
-6.82806 -10.1112 -10.1112 30.5201
-7.11362 -10.2052 -10.2052 30.9362
-7.39497 -10.4012 -10.4012 31.6535
-7.63965 -10.5612 -10.5612 32.3633
-7.91952 -10.7052 -10.7052 32.8548
-8.24089 -10.906 -10.906 33.5904
-8.47534 -11.1202 -11.1202 34.2908
-8.6811 -11.3723 -11.3723 35.1194
-8.90182 -11.6442 -11.6442 35.9732
-9.23073 -11.7225 -11.7225 36.2875
-9.50946 -11.9642 -11.9642 37.1039
-9.88987 -12.1183 -12.1183 37.5127
-10.2831 -12.1626 -12.1626 37.7903
-10.6507 -12.2952 -12.2952 38.2601
-11.0095 -12.5049 -12.5049 39.0365
-11.2965 -12.7281 -12.7281 39.6968
-11.5557 -12.9614 -12.9614 40.3891
-11.8461 -13.2453 -13.2453 41.2477
-12.109 -13.4653 -13.4653 41.9574
-12.3837 -13.6252 -13.6252 42.6237
-12.7274 -13.868 -13.868 43.4092
-13.0556 -14.0987 -14.0987 43.999
-13.2741 -14.2421 -14.2421 44.4539
-13.5117 -14.4175 -14.4175 44.91
-13.8097 -14.6068 -14.6068 45.5361
-13.9265 -14.8284 -14.8284 45.7987
-13.9376 -15.0812 -15.0812 46.2468
-14.0953 -15.1262 -15.1262 46.3196
-14.2766 -15.3582 -15.3582 47.2515
-14.5362 -15.5974 -15.5974 47.8153
-14.7819 -15.81 -15.81 48.3288
-15.1793 -16.0454 -16.0454 48.9593
-15.5605 -16.2563 -16.2563 49.4286
-15.9288 -16.5125 -16.5125 50.1772
-16.3838 -16.7958 -16.7958 50.875
-16.7898 -17.0701 -17.0701 51.5571
-17.12 -17.3441 -17.3441 52.2517
-17.4816 -17.5965 -17.5965 52.8772
-17.9582 -17.8606 -17.8606 53.4132
-18.344 -18.1978 -18.1978 54.0997
-18.7724 -18.615 -18.615 55.2353
-19.067 -19.002 -19.002 56.0419
-19.4328 -19.2387 -19.2387 56.2388
-19.8413 -19.4596 -19.4596 56.6334
-20.1875 -19.7351 -19.7351 56.9594
-20.5508 -19.9893 -19.9893 57.0718
-20.9725 -20.2942 -20.2942 57.4588
-21.3209 -20.5515 -20.5515 57.6173
-21.618 -20.9399 -20.9399 58.2151
-21.9493 -21.1801 -21.1801 58.3376
-22.2301 -21.4821 -21.4821 58.8646
-21.0172 -21.4071 -21.4071 56.9508
-21.1709 -21.1409 -21.1409 56.5305
-21.3962 -21.4552 -21.4552 57.266
-21.8377 -21.677 -21.677 57.4547
-22.2257 -21.8558 -21.8558 57.809
-22.6643 -22.2465 -22.2465 58.5257
-23.0972 -22.7159 -22.7159 59.2772
-23.3108 -23.0223 -23.0223 59.7104
-23.8305 -23.3696 -23.3696 60.2508
-24.1786 -23.6617 -23.6617 60.4249
-24.7552 -24.0097 -24.0097 61.004
-25.3483 -24.4207 -24.4207 61.7849
-25.886 -24.7362 -24.7362 62.3454
-26.3503 -25.0531 -25.0531 62.8135
-26.3128 -25.0738 -25.0738 62.5707
-26.8799 -25.4213 -25.4213 63.1614
-27.4638 -25.8868 -25.8868 63.803
-28.1472 -26.1409 -26.1409 63.9563
-28.5977 -26.6359 -26.6359 64.7116
-28.9053 -27.1274 -27.1274 65.3651
-29.2004 -27.2348 -27.2348 64.3528
-29.8423 -27.6707 -27.6707 65.2063
-30.1292 -27.9559 -27.9559 65.6744
-30.3226 -28.3042 -28.3042 66.0758
-30.3439 -28.4989 -28.4989 66.4557
-30.4343 -28.7955 -28.7955 66.9218
-30.4463 -29.0913 -29.0913 67.1873
-30.1643 -29.0143 -29.0143 66.1521
-30.4468 -29.4292 -29.4292 66.7275
-31.0507 -29.9617 -29.9617 67.4512
-31.1688 -30.0291 -30.0291 66.6087
-29.1044 -28.5311 -28.5311 58.5924
-29.6027 -29.0346 -29.0346 59.5821
-29.997 -29.325 -29.325 59.8528
-30.4309 -29.9149 -29.9149 60.5631
-30.7864 -30.3757 -30.3757 61.2442
-31.1298 -30.8335 -30.8335 61.8962
-31.6466 -31.2056 -31.2056 62.5814
-31.8808 -31.4639 -31.4639 63.104
-32.3659 -31.8918 -31.8918 63.9668
-32.4296 -31.9353 -31.9353 63.8873
-33.0398 -32.4962 -32.4962 64.9059
-33.5647 -33.007 -33.007 65.6393
-33.9716 -33.5239 -33.5239 66.3324
-34.4197 -34.0318 -34.0318 67.0568
-34.7147 -34.5347 -34.5347 67.7007
-34.9229 -34.8979 -34.8979 68.0949
-35.0122 -35.4034 -35.4034 68.4465
-35.1508 -35.6592 -35.6592 68.7369
-34.209 -34.8399 -34.8399 64.145
-34.577 -35.1752 -35.1752 64.5929
-34.9806 -35.2807 -35.2807 64.9875
-35.2334 -35.5469 -35.5469 65.3714
-35.4265 -35.7952 -35.7952 66.1192
-35.6309 -36.1413 -36.1413 66.4242
-35.828 -36.3252 -36.3252 66.6785
-36.2459 -36.7043 -36.7043 67.3447
-36.5516 -37.2196 -37.2196 67.4966
-37.0781 -37.6754 -37.6754 68.2637
-37.3176 -38.1944 -38.1944 69.3003
-37.7382 -38.5404 -38.5404 69.9403
-38.0455 -38.8557 -38.8557 70.5039
-38.3005 -39.2072 -39.2072 71.0427
-38.4101 -39.4263 -39.4263 71.1051
-38.6874 -39.7435 -39.7435 71.5485
-39.1972 -40.0204 -40.0204 72.2032
-39.6359 -40.4689 -40.4689 72.4251
-39.8939 -40.6372 -40.6372 72.568
-40.2609 -41.1839 -41.1839 73.5113
-40.639 -41.6147 -41.6147 73.7602
-41.2017 -41.7944 -41.7944 74.024
-41.536 -42.0522 -42.0522 74.3733
-41.9909 -42.5259 -42.5259 75.0394
-42.1041 -42.8973 -42.8973 75.4624
-42.414 -43.1179 -43.1179 75.7301
-42.7678 -43.2548 -43.2548 75.7119
-43.0401 -43.3405 -43.3405 75.6355
-42.8155 -43.2526 -43.2526 74.1222
-43.0285 -43.3179 -43.3179 73.6914
-43.3856 -43.6424 -43.6424 73.9248
-44.1116 -44.5474 -44.5474 75.35
-44.4323 -45.234 -45.234 76.0277
-44.9861 -45.8716 -45.8716 76.7886
-45.3397 -46.0397 -46.0397 76.5327
-43.4543 -44.7461 -44.7461 71.4701
-44.0128 -45.1744 -45.1744 71.7815
-44.3845 -45.4213 -45.4213 72.0301
-44.5476 -45.6998 -45.6998 72.2733
-44.9316 -45.8216 -45.8216 72.5886
-45.3438 -46.4695 -46.4695 73.2829
-45.7802 -47.1426 -47.1426 74.0232
-45.1111 -46.6474 -46.6474 71.9393
-45.3596 -47.269 -47.269 72.5459
-46.0934 -47.7399 -47.7399 73.3551
-46.5391 -48.0498 -48.0498 73.8209
-46.5535 -47.7184 -47.7184 72.7073
-45.3247 -47.18 -47.18 70.1629
-45.6751 -47.5096 -47.5096 70.5462
-46.0045 -48.2619 -48.2619 71.4439
-46.5468 -48.9375 -48.9375 72.3466
-45.8382 -48.3867 -48.3867 70.5005
-45.1857 -48.1893 -48.1893 69.7519
-44.5217 -47.5527 -47.5527 67.4911
-44.7747 -47.9009 -47.9009 67.9835
-44.4659 -47.3088 -47.3088 66.7629
-44.8462 -47.639 -47.639 67.2367
-44.8272 -47.6735 -47.6735 67.1821
-45.0637 -48.0498 -48.0498 67.6582
-44.4918 -47.1226 -47.1226 65.9795
-43.5838 -47.1337 -47.1337 64.8593
-43.4955 -47.1024 -47.1024 64.6712
-42.9771 -46.7024 -46.7024 63.7638
-43.2664 -47.0008 -47.0008 64.1509
-43.3513 -46.862 -46.862 64.0172
-43.8047 -47.5567 -47.5567 64.8906
-44.1512 -48.0359 -48.0359 65.489
-44.6027 -48.7154 -48.7154 66.341
-44.957 -48.7978 -48.7978 66.63
-45.2951 -49.5024 -49.5024 67.4061
-45.6596 -49.8074 -49.8074 67.8858
-45.4145 -49.6874 -49.6874 67.5908
-45.9676 -50.3323 -50.3323 68.4932
-46.2363 -50.6495 -50.6495 68.9161
-46.4921 -50.8673 -50.8673 69.2348
-46.9519 -51.3979 -51.3979 69.9562
-47.6355 -52.0363 -52.0363 70.928
-48.3648 -52.6809 -52.6809 71.9349
-48.221 -52.7605 -52.7605 71.8883
-48.5725 -53.1415 -53.1415 72.4057
-49.0133 -53.7836 -53.7836 73.1703
-49.4059 -54.3377 -54.3377 73.839
-49.7844 -54.8712 -54.8712 74.5392
-50.1504 -55.1274 -55.1274 74.9783
-50.6191 -55.7148 -55.7148 75.7404
-51.1008 -56.2365 -56.2365 76.4863
-51.3887 -56.3566 -56.3566 76.7305
-51.7884 -56.9098 -56.9098 77.4459
-52.1793 -57.3796 -57.3796 78.0829
-52.3341 -58.1489 -58.1489 78.5948
47.1549
3.08318
